// Jest Snapshot v1, https://goo.gl/fbAQLP

exports[`test mongoose ShowModel should return the latest doc: find query 1`] = `
Object {
  "time": "20-00",
}
`;
